
> sufipulse@0.1.0 build
> next build

   ▲ Next.js 15.3.1
   - Environments: .env.local

